
> @mandela/web@0.1.0 build C:\Users\lewis\Desktop\mandela\frontend\apps\web
> next build

 ⚠ outputFileTracingRoot should be absolute, using: C:\Users\lewis\Desktop\mandela
   ▲ Next.js 15.5.4

   Creating an optimized production build ...
 ✓ Compiled successfully in 58s
   Skipping linting
   Checking validity of types ...
   Collecting page data ...
   Generating static pages (0/84) ...
   Generating static pages (21/84) 
   Generating static pages (42/84) 
   Generating static pages (63/84) 
 ✓ Generating static pages (84/84)
   Finalizing page optimization ...
   Collecting build traces ...

Route (app)                                 Size  First Load JS
┌ ƒ /                                      172 B         102 kB
├ ƒ /_not-found                            172 B         102 kB
├ ƒ /api/auth                              172 B         102 kB
├ ƒ /api/auth/otp                          172 B         102 kB
├ ƒ /api/auth/register                     172 B         102 kB
├ ƒ /api/export                            172 B         102 kB
├ ƒ /api/pdf                               172 B         102 kB
├ ƒ /api/statement                         172 B         102 kB
├ ƒ /api/watch                             172 B         102 kB
├ ƒ /app                                 13.3 kB         171 kB
├ ƒ /app/academics                       1.55 kB         156 kB
├ ƒ /app/academics/attendance            3.74 kB         158 kB
├ ƒ /app/academics/curriculum            3.49 kB         158 kB
├ ƒ /app/academics/exams                 3.54 kB         161 kB
├ ƒ /app/academics/timetable             4.21 kB         158 kB
├ ƒ /app/approve                         1.36 kB         156 kB
├ ƒ /app/broadcast                       1.29 kB         155 kB
├ ƒ /app/class                           3.53 kB         158 kB
├ ƒ /app/directory                       1.12 kB         155 kB
├ ƒ /app/homework                        2.38 kB         157 kB
├ ƒ /app/inbox                           6.39 kB         164 kB
├ ƒ /app/insights                         1.6 kB         156 kB
├ ƒ /app/insights/compliance             2.55 kB         160 kB
├ ƒ /app/insights/reports                4.75 kB         159 kB
├ ƒ /app/laundry                         2.02 kB         156 kB
├ ƒ /app/levies                          1.42 kB         159 kB
├ ƒ /app/mark                            2.32 kB         157 kB
├ ƒ /app/messages                        1.12 kB         155 kB
├ ƒ /app/money                           6.93 kB         161 kB
├ ƒ /app/money/fees                      4.62 kB         162 kB
├ ƒ /app/money/invoices                   3.8 kB         158 kB
├ ƒ /app/money/payroll                   4.37 kB         159 kB
├ ƒ /app/money/petty                     4.24 kB         158 kB
├ ƒ /app/money/pocket                    3.05 kB         157 kB
├ ƒ /app/money/purchases                 4.68 kB         159 kB
├ ƒ /app/money/rails                     3.87 kB         158 kB
├ ƒ /app/operations                      2.37 kB         160 kB
├ ƒ /app/operations/consent              2.16 kB         156 kB
├ ƒ /app/operations/events               3.83 kB         158 kB
├ ƒ /app/operations/facilities           2.89 kB         157 kB
├ ƒ /app/operations/hostel               3.54 kB         161 kB
├ ƒ /app/operations/houses               3.33 kB         158 kB
├ ƒ /app/operations/infirmary            3.16 kB         161 kB
├ ƒ /app/operations/library              2.62 kB         157 kB
├ ƒ /app/operations/mess                  2.8 kB         157 kB
├ ƒ /app/operations/rosters              4.77 kB         159 kB
├ ƒ /app/operations/sections             4.01 kB         158 kB
├ ƒ /app/operations/security             2.74 kB         157 kB
├ ƒ /app/operations/store                2.14 kB         156 kB
├ ƒ /app/operations/transport             3.4 kB         158 kB
├ ƒ /app/operations/vault                8.44 kB         163 kB
├ ƒ /app/pay                               733 B         155 kB
├ ƒ /app/people                          1.55 kB         156 kB
├ ƒ /app/people/admissions               6.19 kB         160 kB
├ ƒ /app/people/alumni                   1.84 kB         156 kB
├ ƒ /app/people/conduct                   4.3 kB         159 kB
├ ƒ /app/people/exam-entries             6.19 kB         164 kB
├ ƒ /app/people/guardians                6.66 kB         164 kB
├ ƒ /app/people/hr                       4.23 kB         158 kB
├ ƒ /app/people/learners                 3.55 kB         165 kB
├ ƒ /app/people/learners/[id]            2.14 kB         163 kB
├ ƒ /app/people/payroll                  2.39 kB         160 kB
├ ƒ /app/people/staff                    4.46 kB         162 kB
├ ƒ /app/profile                         3.92 kB         158 kB
├ ƒ /app/reconcile                       1.65 kB         159 kB
├ ƒ /app/reports                         1.12 kB         155 kB
├ ƒ /app/settings                        12.7 kB         167 kB
├ ƒ /app/settings/board                  2.95 kB         157 kB
├ ƒ /app/settings/flags                  2.23 kB         160 kB
├ ƒ /app/settings/health                 1.12 kB         155 kB
├ ƒ /app/settings/integrations           2.26 kB         160 kB
├ ƒ /app/settings/switch-import          3.57 kB         158 kB
├ ƒ /app/settings/users                  6.44 kB         161 kB
├ ƒ /app/start                           2.39 kB         157 kB
├ ƒ /down                                  172 B         102 kB
├ ƒ /icon                                  172 B         102 kB
├ ƒ /login                               2.97 kB         157 kB
├ ƒ /manifest.webmanifest                  172 B         102 kB
├ ƒ /offline                               166 B         106 kB
├ ƒ /print/doc/[id]                        172 B         102 kB
├ ƒ /print/receipt                       1.58 kB         104 kB
├ ƒ /print/report-card                   1.75 kB         104 kB
├ ƒ /print/statement                     1.62 kB         156 kB
└ ƒ /register                            3.41 kB         158 kB
+ First Load JS shared by all             102 kB
  ├ chunks/8722-8bc91fcbbdd52ad0.js      45.9 kB
  ├ chunks/c2db93a7-3881961e3e3efb0c.js  54.2 kB
  └ other shared chunks (total)          2.03 kB


ƒ  (Dynamic)  server-rendered on demand

